<?xml version="1.0" encoding="utf-8"?><testsuites name="pytest tests"><testsuite name="pytest" errors="0" failures="0" skipped="0" tests="35" time="2.896" timestamp="2025-09-29T02:06:53.897373-07:00" hostname="Nokia-1396.local"><testcase classname="tests.unit.config.test_agent_capabilities.TestAgentCapability" name="test_agent_capability_creation" time="0.003" /><testcase classname="tests.unit.config.test_agent_capabilities.TestAgentCapabilities" name="test_agent_capabilities_creation" time="0.000" /><testcase classname="tests.unit.config.test_agent_capabilities.TestAgentCapabilities" name="test_agent_capabilities_with_error" time="0.000" /><testcase classname="tests.unit.config.test_agent_capabilities.TestAgentCapabilityExtractor" name="test_parse_docstring_simple" time="0.000" /><testcase classname="tests.unit.config.test_agent_capabilities.TestAgentCapabilityExtractor" name="test_parse_docstring_no_docstring" time="0.000" /><testcase classname="tests.unit.config.test_agent_capabilities.TestAgentCapabilityExtractor" name="test_parse_docstring_alternative_format" time="0.000" /><testcase classname="tests.unit.config.test_agent_capabilities.TestAgentCapabilityExtractor" name="test_is_tool_function" time="0.000" /><testcase classname="tests.unit.config.test_agent_capabilities.TestAgentCapabilityExtractor" name="test_extract_capabilities_agent_not_found" time="0.001" /><testcase classname="tests.unit.config.test_agent_capabilities.TestAgentCapabilityExtractor" name="test_extract_capabilities_import_error" time="0.001" /><testcase classname="tests.unit.config.test_agent_capabilities.TestAgentCapabilityExtractor" name="test_get_agent_capability_summary" time="0.001" /><testcase classname="tests.unit.config.test_agent_capabilities.TestAgentCapabilityExtractor" name="test_get_agent_capability_summary_with_error" time="0.000" /><testcase classname="tests.unit.config.test_agent_capabilities.TestAgentCapabilityExtractor" name="test_get_all_agent_capabilities" time="0.001" /><testcase classname="tests.unit.config.test_agent_capabilities.TestAgentCapabilityExtractor" name="test_clear_cache" time="0.000" /><testcase classname="tests.unit.config.test_llm_factory.TestLLMProvider" name="test_provider_values" time="0.000" /><testcase classname="tests.unit.config.test_llm_factory.TestProviderDetection" name="test_detect_anthropic_provider" time="0.001" /><testcase classname="tests.unit.config.test_llm_factory.TestProviderDetection" name="test_detect_bedrock_provider" time="0.001" /><testcase classname="tests.unit.config.test_llm_factory.TestProviderDetection" name="test_detect_no_provider" time="0.001" /><testcase classname="tests.unit.config.test_llm_factory.TestProviderDetection" name="test_provider_priority_anthropic_over_bedrock" time="0.001" /><testcase classname="tests.unit.config.test_llm_factory.TestProviderDetection" name="test_provider_override" time="0.001" /><testcase classname="tests.unit.config.test_llm_factory.TestProviderDetection" name="test_invalid_provider_override" time="0.001" /><testcase classname="tests.unit.config.test_llm_factory.TestLLMCreation" name="test_create_anthropic_llm" time="0.210" /><testcase classname="tests.unit.config.test_llm_factory.TestLLMCreation" name="test_create_bedrock_llm" time="0.151" /><testcase classname="tests.unit.config.test_llm_factory.TestLLMCreation" name="test_create_llm_no_credentials" time="0.001" /><testcase classname="tests.unit.config.test_llm_factory.TestLLMCreation" name="test_create_openai_not_implemented" time="0.001" /><testcase classname="tests.unit.config.test_llm_factory.TestModelTranslation" name="test_translate_haiku_model" time="0.000" /><testcase classname="tests.unit.config.test_llm_factory.TestModelTranslation" name="test_translate_sonnet_model" time="0.000" /><testcase classname="tests.unit.config.test_llm_factory.TestModelTranslation" name="test_translate_opus_model" time="0.000" /><testcase classname="tests.unit.config.test_llm_factory.TestModelTranslation" name="test_translate_unknown_model_fallback" time="0.001" /><testcase classname="tests.unit.config.test_llm_factory.TestModelTranslation" name="test_translate_partial_match_sonnet" time="0.000" /><testcase classname="tests.unit.config.test_llm_factory.TestUtilityMethods" name="test_get_available_providers_all" time="0.001" /><testcase classname="tests.unit.config.test_llm_factory.TestUtilityMethods" name="test_get_available_providers_none" time="0.001" /><testcase classname="tests.unit.config.test_llm_factory.TestUtilityMethods" name="test_get_current_provider" time="0.001" /><testcase classname="tests.unit.config.test_llm_factory.TestUtilityMethods" name="test_get_current_provider_none" time="0.001" /><testcase classname="tests.unit.config.test_llm_factory.TestConvenienceFunction" name="test_create_llm_convenience_function" time="0.001" /><testcase classname="tests.unit.config.test_llm_factory.TestBackwardCompatibility" name="test_existing_bedrock_config_works" time="0.003" /></testsuite></testsuites>